// Jest Snapshot v1, https://goo.gl/fbAQLP

exports[`should correctly render LoginPage 1`] = `
<div
  className="box-layout"
>
  <div
    className="box-layout__box"
  >
    <h1
      className="box-layout__title"
    >
      Expensily
    </h1>
    <p>
      Es tiempo de ordenar tus gastos de la mejor forma
    </p>
    <button
      className="button"
    >
      Entrar con Google
    </button>
  </div>
</div>
`;
